// Jest Snapshot v1, https://goo.gl/fbAQLP

exports[`ScenarioInfo renders without crashing 1`] = `
<Connect(AccessEnabler)
  disableComponent={true}
  render={[Function]}
/>
`;
