// Jest Snapshot v1, https://goo.gl/fbAQLP

exports[`TableHeader component renders correct 1`] = `
<TableHeader__HeaderContainer
  className="mui-fixed headerFixed"
  style={
    Object {
      "zIndex": 10,
    }
  }
>
  <TableHeader__Header>
    <TableHeader__TableName
      variant="h6"
    />
    <Connect(AccessEnabler)
      disableComponent={true}
      render={[Function]}
    />
  </TableHeader__Header>
  <TableHeader__List>
    <li />
    <li />
    <li />
    <li>
      <WithStyles(ForwardRef(Button))
        aria-haspopup="true"
        aria-owns={null}
        disableElevation={true}
        onClick={[Function]}
        variant="contained"
      >
        undefined:
         undefined
        <Icon
          iconcolor="#0A75C2"
          margin="0 0 0 8px"
        >
          filter_list
        </Icon>
      </WithStyles(ForwardRef(Button))>
    </li>
    <li>
      <TableHeader__StyledTableSortLabel
        active={true}
        direction="desc"
        style={
          Object {
            "cursor": "auto",
          }
        }
      />
    </li>
  </TableHeader__List>
  <StickyHeader
    id="stickyHeader"
    z={1}
  >
    Today
  </StickyHeader>
  <TableHeader__CreatedByMenu
    anchorEl={null}
    id="simple-menu"
    onClose={[Function]}
    open={false}
  >
    <WithStyles(ForwardRef(MenuItem))
      onClick={[Function]}
    >
      <Icon
        margin="-3px 8px 0 0"
      >
        person
      </Icon>
      <MenuText />
    </WithStyles(ForwardRef(MenuItem))>
    <WithStyles(ForwardRef(MenuItem))
      onClick={[Function]}
    >
      <Icon
        margin="-3px 8px 0 0"
      >
        people
      </Icon>
      <MenuText />
    </WithStyles(ForwardRef(MenuItem))>
    <WithStyles(ForwardRef(MenuItem))
      onClick={[Function]}
    >
      <Icon
        margin="-3px 8px 0 0"
      >
        person_outline
      </Icon>
      <MenuText />
    </WithStyles(ForwardRef(MenuItem))>
  </TableHeader__CreatedByMenu>
</TableHeader__HeaderContainer>
`;
