// Jest Snapshot v1, https://goo.gl/fbAQLP

exports[`Test PasswordValidator Component PasswordValidator Component renders correctly 1`] = `
<PasswordValidator__Container>
  <PasswordValidator__Row
    key="1"
    style={
      Object {
        "color": "#00000061",
      }
    }
  >
    <PasswordValidator__DotIcon>
      â€¢
    </PasswordValidator__DotIcon>
    PASSWORD_VALIDATOR.rules.contains8Chars
  </PasswordValidator__Row>
  <PasswordValidator__Row
    key="2"
    style={
      Object {
        "color": "#68c163",
      }
    }
  >
    <Memo([object Object])
      color="inherit"
      fontSize="small"
      style={
        Object {
          "paddingRight": "10px",
          "width": "25px",
        }
      }
    />
    PASSWORD_VALIDATOR.rules.containsLowerUpperCase
  </PasswordValidator__Row>
  <PasswordValidator__Row
    key="3"
    style={
      Object {
        "color": "#68c163",
      }
    }
  >
    <Memo([object Object])
      color="inherit"
      fontSize="small"
      style={
        Object {
          "paddingRight": "10px",
          "width": "25px",
        }
      }
    />
    PASSWORD_VALIDATOR.rules.containsNum
  </PasswordValidator__Row>
  <PasswordValidator__Row
    key="4"
    style={
      Object {
        "color": "#68c163",
      }
    }
  >
    <Memo([object Object])
      color="inherit"
      fontSize="small"
      style={
        Object {
          "paddingRight": "10px",
          "width": "25px",
        }
      }
    />
    PASSWORD_VALIDATOR.rules.containsNoBlank
  </PasswordValidator__Row>
</PasswordValidator__Container>
`;
