// Jest Snapshot v1, https://goo.gl/fbAQLP

exports[`Tests Related to Rtns component RtnsNotifications Component renders 1`] = `
<Fragment>
  <div />
  <ModalLoader
    background="240, 248, 255"
    color=""
    loaderRequired={false}
    onClose={[Function]}
    open={false}
    subtitle=""
    title=""
  />
</Fragment>
`;
