// Jest Snapshot v1, https://goo.gl/fbAQLP

exports[`NotificationPane component renders correct 1`] = `
<Base
  anchor="right"
  deleteAllNotification={[MockFunction]}
  deleteSingleNotification={[MockFunction]}
  fetchDataOnScroll={[MockFunction]}
  handleCancel={[MockFunction]}
  isOpen={true}
  notificationResponse={
    Array [
      Object {
        "notificationId": 1,
        "scenarioName": "July 2020 Production",
        "solverRequestName": "Combo Pilots",
        "solverStatus": "Done-success",
        "timestamp": "27 June, 2020 at 19:02",
        "unread": true,
      },
      Object {
        "notificationId": 4,
        "scenarioName": "September 2020 Production",
        "solverRequestName": "Pilots 777",
        "solverStatus": "Done-success",
        "timestamp": "27 June, 2020 at 19:02",
      },
    ]
  }
  userData={Object {}}
>
  <NotificationPane__FormContainer>
    <NotificationPane__FormHeader>
      <div>
        <span />
         
        <Memo([object Object])
          disabled={true}
          onClick={[Function]}
          style={
            Object {
              "cursor": "pointer",
            }
          }
        />
      </div>
    </NotificationPane__FormHeader>
    <NotificationPane__FormBody>
      <ScrollBar
        className=""
        component="div"
        containerRef={[Function]}
        onScrollDown={[Function]}
        option={
          Object {
            "swipeEasing": true,
            "wheelSpeed": 0.4,
          }
        }
      >
        <div>
          <NotificationCard
            deleteNotification={[Function]}
            notificationResponse={
              Object {
                "notificationId": 1,
                "scenarioName": "July 2020 Production",
                "solverRequestName": "Combo Pilots",
                "solverStatus": "Done-success",
                "timestamp": "27 June, 2020 at 19:02",
                "unread": true,
              }
            }
            t={
              [MockFunction] {
                "calls": Array [
                  Array [
                    "NOTIFICATION.notificationPaneHeader",
                  ],
                ],
                "results": Array [
                  Object {
                    "type": "return",
                    "value": undefined,
                  },
                ],
              }
            }
          />
          <NotificationCard
            deleteNotification={[Function]}
            notificationResponse={
              Object {
                "notificationId": 4,
                "scenarioName": "September 2020 Production",
                "solverRequestName": "Pilots 777",
                "solverStatus": "Done-success",
                "timestamp": "27 June, 2020 at 19:02",
              }
            }
            t={
              [MockFunction] {
                "calls": Array [
                  Array [
                    "NOTIFICATION.notificationPaneHeader",
                  ],
                ],
                "results": Array [
                  Object {
                    "type": "return",
                    "value": undefined,
                  },
                ],
              }
            }
          />
        </div>
      </ScrollBar>
    </NotificationPane__FormBody>
  </NotificationPane__FormContainer>
  <Notification
    autoHideDuration={5000}
    bottomheight={0}
    buttonText=""
    clear={[Function]}
    displayCloseButton={false}
    message=""
    onLinkAction={[Function]}
    renderers={
      Object {
        "paragraph": "span",
      }
    }
    type="error"
  />
</Base>
`;
