// Jest Snapshot v1, https://goo.gl/fbAQLP

exports[`Snapshot is up to date 1`] = `
<Connect(Login)
  history={Object {}}
  t={[MockFunction]}
/>
`;
